1. Waymo expands pause to four cities as robotaxis keep driving into floods

링크: https://techcrunch.com/2026/05/21/waymo-pauses-service-in-four-cities-as-robotaxis-keep-driving-into-floods/

웨이모 로보택시가 폭우와 침수 도로 문제에 어려움을 겪으면서 지난주 이미 리콜을 실시했습니다.
이 같은 문제로 현재 4개 도시에서 로보택시 서비스 운영을 일시 중단한 상태입니다.
실제로 최근 애틀랜타에서는 웨이모 로보택시 한 대가 침수 도로에 갇혀 약 한 시간 동안 움직이지 못하는 사고가 발생하기도 했습니다.

Waymo has now paused service in four cities because its robotaxis are struggling to deal with heavy rain and flooded roads, a problem that already prompted the company to issue a recall last week.

One of Waymo’s robotaxis was spotted driving through a flooded street in Atlanta, Georgia, on Wednesday before it ultimately got stuck for about an hour, according to local news reports. The vehicle was recovered and removed from the scene, Waymo told TechCrunch. Waymo says it paused service in the ci
2. SpaceX scrubs first Starship V3 launch just before liftoff

링크: https://techcrunch.com/2026/05/21/spacex-scrubs-first-starship-v3-launch-just-before-liftoff/

다음은 해당 IT 뉴스를 3줄로 요약한 것입니다.

1.  스페이스X가 텍사스 스타베이스 본사에서 3세대 스타십 로켓 시스템의 첫 발사를 연기했습니다.
2.  회사는 금요일에 다시 발사를 시도할 예정입니다.
3.  이번 발사는 업그레이드된 스타십 V3 하드웨어의 첫 시험일 뿐만 아니라, 상장을 앞두고 있는 스페이스X의 재정적으로도 매우 중요한 순간입니다.

SpaceX has scrubbed the first launch of its third-generation Starship rocket system from its headquarters in Starbase, Texas. The company is expected to make another attempt on Friday.

It’s a crucial launch for the company — and not just because it’s the first real test of the upgraded Starship V3 hardware; it also comes at a pivotal moment for SpaceX financially. The company recently filed for an IPO and is expected to go public within weeks, putting added pressure on SpaceX to demonstrate tha
3. Who will benefit most from SpaceX IPO? Mostly Elon — and a few from his inner circle

링크: https://techcrunch.com/2026/05/21/who-will-benefit-most-from-spacex-ipo-mostly-elon-and-a-few-from-his-inner-circle/

다음은 IT 뉴스의 3줄 요약입니다:

1.  SpaceX가 상장을 준비하며 S-1 서류를 공개했고, 일론 머스크의 막대한 회사 통제권이 재조명되었습니다.
2.  가장 놀라운 점은 화성에 100만 명이 거주할 경우 머스크가 10억 주를 추가로 받는다는 독특한 조항입니다.
3.  해당 주식은 현재 머스크가 이미 의결권을 행사하며 통제하고 있으며, 이 조항은 다소 이례적이라는 평입니다.

While there are some shocking revelations in SpaceX’s S-1 as it gets ready to become a public company, Elon Musk’s total control of the company perhaps isn’t one of them.

I could argue that the oddball provision where Elon Musk gets up to a billion more shares to add to his already oversized, company-controlling cache once a million people are living on Mars (yes, really), is perhaps the most jaw-dropping. It is also fairly unserious. Musk controls and can vote those shares now, by the way.

Bu
4. Waymo halts freeway rides after robotaxis struggle in construction zones

링크: https://techcrunch.com/2026/05/21/waymo-halts-freeway-rides-after-robotaxis-struggle-in-construction-zones/

다음은 IT 뉴스 요약입니다.

1.  Waymo는 샌프란시스코, 로스앤젤레스 등 4개 주요 도시에서 고속도로 로보택시 서비스를 일시 중단했습니다.
2.  이는 공사 구간에서의 로보택시 성능 개선을 위해 소프트웨어 통합 작업을 진행하기 위함입니다.
3.  일반 도로 서비스는 계속 운영되며, 고속도로 서비스는 소프트웨어 업데이트 후 곧 재개될 예정입니다.

Waymo has suspended robotaxi service on freeways in San Francisco, Los Angeles, Phoenix, and Miami as it works to improve performance in construction zones, the company confirmed to TechCrunch on Thursday.

Waymo said it’s in the process of integrating “recent technical learnings into our software and expect to resume these routes soon.” Waymo robotaxis are still operating on surface streets in those cities.

The decision to pull robotaxis off of freeways follows Waymo’s decision to pause operat
5. NYC Mayor Zohran Mamdani takes to Twitch to chat with New Yorkers

링크: https://techcrunch.com/2026/05/21/nycmayor-zohran-mamdani-takes-to-twitch-to-chat-with-new-yorkers/

뉴욕시 조란 맘다니 시장은 젊은 유권자들과 소통하기 위한 온라인 전략을 강화하고 있습니다.

그 일환으로 그는 'Talk with the People'이라는 제목의 정기적인 트위치 라이브스트림 시리즈를 시작합니다.

이 방송에서 시장은 시청자들의 질문에 트위치 채팅을 통해 직접 답변할 예정입니다.

Long before Zohran Mamdani became New York City’s 112th mayor, he understood that if you want to reach young voters, you have to meet them online.

Now, in classic Mamdani fashion, the mayor has taken that strategy even further. On Thursday, Polygon exclusively revealed that Mamdani is launching a recurring Twitch livestream series titled “Talk with the People,” premiering on Thursday, May 21, at 4:10 p.m. ET, where he will answer questions directly from viewers through Twitch chat. It will also

저장 완료: reports/2026-05-22-news.txt
1. Waymo expands pause to four cities as robotaxis keep driving into floods

링크: https://techcrunch.com/2026/05/21/waymo-pauses-service-in-four-cities-as-robotaxis-keep-driving-into-floods/

웨이모가 로보택시의 폭우 및 침수 도로 대처 능력 부족으로 4개 도시에서 서비스 운행을 일시 중단했습니다.
이는 이미 지난주 리콜을 발생시킨 문제로, 최근 애틀랜타에서는 로보택시 한 대가 침수 도로에서 한 시간 동안 갇히는 사고도 발생했습니다.
웨이모 로보택시가 악천후에 취약하다는 점을 보여주며, 복구된 차량은 현장에서 철수되었습니다.

Waymo has now paused service in four cities because its robotaxis are struggling to deal with heavy rain and flooded roads, a problem that already prompted the company to issue a recall last week.

One of Waymo’s robotaxis was spotted driving through a flooded street in Atlanta, Georgia, on Wednesday before it ultimately got stuck for about an hour, according to local news reports. The vehicle was recovered and removed from the scene, Waymo told TechCrunch. Waymo says it paused service in the ci
2. SpaceX scrubs first Starship V3 launch just before liftoff

링크: https://techcrunch.com/2026/05/21/spacex-scrubs-first-starship-v3-launch-just-before-liftoff/

다음은 IT 뉴스 요약입니다:

1.  스페이스X가 3세대 스타십 로켓 시스템의 첫 발사를 연기했으며, 다음 시도는 금요일로 예정되어 있습니다.
2.  이번 발사는 업그레이드된 스타십 V3 하드웨어의 첫 실질적인 테스트로서 매우 중요한 의미를 가집니다.
3.  또한 스페이스X는 기업공개(IPO)를 앞두고 있어, 재정적인 성공을 입증해야 하는 중요한 시점에 놓여 있습니다.

SpaceX has scrubbed the first launch of its third-generation Starship rocket system from its headquarters in Starbase, Texas. The company is expected to make another attempt on Friday.

It’s a crucial launch for the company — and not just because it’s the first real test of the upgraded Starship V3 hardware; it also comes at a pivotal moment for SpaceX financially. The company recently filed for an IPO and is expected to go public within weeks, putting added pressure on SpaceX to demonstrate tha
3. Who will benefit most from SpaceX IPO? Mostly Elon — and a few from his inner circle

링크: https://techcrunch.com/2026/05/21/who-will-benefit-most-from-spacex-ipo-mostly-elon-and-a-few-from-his-inner-circle/

다음은 IT 뉴스를 3줄로 요약한 내용입니다.

1.  SpaceX가 상장 준비를 위한 S-1 서류를 공개했으며, 이 서류에서 일론 머스크의 확고한 회사 통제력이 다시 한번 확인되었습니다.
2.  특히, 화성에 100만 명이 거주하면 머스크에게 10억 주가 추가로 부여될 수 있다는 기상천외한 조항이 포함되어 논란이 되고 있습니다.
3.  이는 이미 회사를 장악하고 있는 머스크의 지배력을 더욱 공고히 하는 내용으로 평가됩니다.

While there are some shocking revelations in SpaceX’s S-1 as it gets ready to become a public company, Elon Musk’s total control of the company perhaps isn’t one of them.

I could argue that the oddball provision where Elon Musk gets up to a billion more shares to add to his already oversized, company-controlling cache once a million people are living on Mars (yes, really), is perhaps the most jaw-dropping. It is also fairly unserious. Musk controls and can vote those shares now, by the way.

Bu
4. Waymo halts freeway rides after robotaxis struggle in construction zones

링크: https://techcrunch.com/2026/05/21/waymo-halts-freeway-rides-after-robotaxis-struggle-in-construction-zones/

다음은 IT 뉴스 요약입니다.

1.  웨이모는 샌프란시스코, LA 등 4개 도시에서 고속도로 로보택시 운행을 일시 중단했다.
2.  이는 건설 현장 등에서의 성능 개선을 위해 소프트웨어 기술 통합 작업을 진행하기 위함이다.
3.  일반 도로 운행은 계속되며, 고속도로 서비스는 조만간 재개될 예정이다.

Waymo has suspended robotaxi service on freeways in San Francisco, Los Angeles, Phoenix, and Miami as it works to improve performance in construction zones, the company confirmed to TechCrunch on Thursday.

Waymo said it’s in the process of integrating “recent technical learnings into our software and expect to resume these routes soon.” Waymo robotaxis are still operating on surface streets in those cities.

The decision to pull robotaxis off of freeways follows Waymo’s decision to pause operat
5. NYC Mayor Zohran Mamdani takes to Twitch to chat with New Yorkers

링크: https://techcrunch.com/2026/05/21/nycmayor-zohran-mamdani-takes-to-twitch-to-chat-with-new-yorkers/

다음은 IT 뉴스 요약입니다.

1.  뉴욕시 조란 맘다니 시장이 젊은 유권자들과 소통하기 위한 온라인 전략을 강화합니다.
2.  그는 'Talk with the People'이라는 제목의 정기 트위치 라이브 스트리밍 시리즈를 시작할 예정입니다.
3.  시청자들은 트위치 채팅을 통해 시장에게 질문할 수 있으며, 시장은 이에 직접 답변하며 소통합니다.

Long before Zohran Mamdani became New York City’s 112th mayor, he understood that if you want to reach young voters, you have to meet them online.

Now, in classic Mamdani fashion, the mayor has taken that strategy even further. On Thursday, Polygon exclusively revealed that Mamdani is launching a recurring Twitch livestream series titled “Talk with the People,” premiering on Thursday, May 21, at 4:10 p.m. ET, where he will answer questions directly from viewers through Twitch chat. It will also

저장 완료: reports/2026-05-22-news.txt
